// Jest Snapshot v1, https://goo.gl/fbAQLP

exports[`<Session /> should render Session 1`] = `
<form
  id="session"
>
  <Observer>
    <Component />
  </Observer>
  <WithStyles(ForwardRef(Button))
    color="primary"
    id="create-session-button"
    size="large"
    startIcon={
      <FontAwesomeIcon
        border={false}
        className=""
        fixedWidth={false}
        flip={null}
        icon={
          Object {
            "icon": Array [
              640,
              512,
              Array [],
              "f11b",
              "M480.07 96H160a160 160 0 1 0 114.24 272h91.52A160 160 0 1 0 480.07 96zM248 268a12 12 0 0 1-12 12h-52v52a12 12 0 0 1-12 12h-24a12 12 0 0 1-12-12v-52H84a12 12 0 0 1-12-12v-24a12 12 0 0 1 12-12h52v-52a12 12 0 0 1 12-12h24a12 12 0 0 1 12 12v52h52a12 12 0 0 1 12 12zm216 76a40 40 0 1 1 40-40 40 40 0 0 1-40 40zm64-96a40 40 0 1 1 40-40 40 40 0 0 1-40 40z",
            ],
            "iconName": "gamepad",
            "prefix": "fas",
          }
        }
        inverse={false}
        listItem={false}
        mask={null}
        pull={null}
        pulse={false}
        rotation={null}
        size={null}
        spin={false}
        swapOpacity={false}
        symbol={false}
        title=""
        transform={null}
      />
    }
    type="button"
    variant="contained"
  >
    Press Start
  </WithStyles(ForwardRef(Button))>
</form>
`;

exports[`<Session /> should render form elements 1`] = `
<Fragment>
  <WithStyles(ForwardRef(Tabs))
    indicatorColor="primary"
    onChange={[Function]}
    textColor="primary"
    value={0}
  >
    <WithStyles(ForwardRef(Tab))
      label="Create"
    />
    <WithStyles(ForwardRef(Tab))
      label="Join"
    />
  </WithStyles(ForwardRef(Tabs))>
  <div
    className="form-inputs"
  >
    <WithStyles(ForwardRef(TextField))
      id="username"
      label="Name"
      onChange={[Function]}
      value="Balzee"
    />
  </div>
</Fragment>
`;
