// Jest Snapshot v1, https://goo.gl/fbAQLP

exports[`App renders 1`] = `
<header>
  <h1>
    500!
  </h1>
</header>
`;
